Microchip MPLAB XC8 Compiler V1.34 ()

Linker command line:

-W-3 --edf=C:\Program Files (x86)\Microchip\xc8\v1.34\dat\en_msgs.txt -cs \
  -h+dist/default/production\LabFinal.X.production.sym \
  --cmf=dist/default/production\LabFinal.X.production.cmf -z -Q18F4620 \
  -oC:\Users\potan\AppData\Local\Temp\slvg.6 \
  -Mdist/default/production/LabFinal.X.production.map -E1 -ver=XC8 \
  -ASTACK=0196h-0f7fh -pstack=STACK -ACODE=00h-0FFFFh -ACONST=00h-0FFFFh \
  -ASMALLCONST=01000h-010FFhx240 -AMEDIUMCONST=01000h-0FFFFh \
  -ACOMRAM=01h-07Fh -AABS1=00h-0F7Fh -ABIGRAM=01h-0F7Fh \
  -ARAM=080h-0FFh,0100h-01FFhx14,0F00h-0F7Fh -ABANK0=080h-0FFh \
  -ABANK1=0100h-01FFh -ABANK2=0200h-02FFh -ABANK3=0300h-03FFh \
  -ABANK4=0400h-04FFh -ABANK5=0500h-05FFh -ABANK6=0600h-06FFh \
  -ABANK7=0700h-07FFh -ABANK8=0800h-08FFh -ABANK9=0900h-09FFh \
  -ABANK10=0A00h-0AFFh -ABANK11=0B00h-0BFFh -ABANK12=0C00h-0CFFh \
  -ABANK13=0D00h-0DFFh -ABANK14=0E00h-0EFFh -ABANK15=0F00h-0F7Fh \
  -ASFR=0F80h-0FFFh \
  -preset_vec=00h,intcode=08h,intcodelo,powerup,init,end_init \
  -pramtop=01000h -psmallconst=SMALLCONST -pmediumconst=MEDIUMCONST \
  -pconst=CONST -AFARRAM=00h-00h -ACONFIG=0300000h-030000Dh -pconfig=CONFIG \
  -AIDLOC=0200000h-0200007h -pidloc=IDLOC -AEEDATA=0F00000h-0F003FFh \
  -peeprom_data=EEDATA \
  -prdata=COMRAM,nvrram=COMRAM,nvbit=COMRAM,rbss=COMRAM,rbit=COMRAM \
  -pfarbss=FARRAM,fardata=FARRAM,nvFARRAM=FARRAM \
  -pintsave_regs=BIGRAM,bigbss=BIGRAM,bigdata=BIGRAM -pbss=RAM \
  -pidata=CODE,irdata=CODE,ibigdata=CODE,ifardata=CODE -prparam=COMRAM \
  C:\Users\potan\AppData\Local\Temp\slvg.obj \
  dist/default/production\LabFinal.X.production.obj 

Object code version is 3.11

Machine type is 18F4620

Call graph: (short form)




                Name                               Link     Load   Length Selector   Space Scale
C:\Users\potan\AppData\Local\Temp\slvg.obj
                end_init                             18       18        4        4       0
                reset_vec                             0        0        4        0       0
                idloc                            200000   200000        8   200000       0
                config                           300000   300000        E   300000       0
dist/default/production\LabFinal.X.production.obj
                intcode                               8        8       10        4       0
                mediumconst                        FC36     FC36      3CA     7E1B       0
                text131                            51FE     51FE        A     2734       0
                text130                            26FA     26FA      180        4       0
                text129                            51F4     51F4        A     2734       0
                text128                            51EA     51EA        A     2734       0
                text127                            51A6     51A6        E     2734       0
                intcode_body                       40AE     40AE       90        4       0
                text125                            51C0     51C0        C     2734       0
                text124                            5218     5218        8     2734       0
                text123                            5210     5210        8     2734       0
                text122                            51E0     51E0        A     2734       0
                text121                            501C     501C       16     2734       0
                text120                            5128     5128       12     2734       0
                text119                            51D6     51D6        A     2734       0
                text118                            4A06     4A06       48        4       0
                text117                            5116     5116       12     2734       0
                text116                            5104     5104       12     2734       0
                text115                            4B4C     4B4C       3E        4       0
                text114                            4BC6     4BC6       3C        4       0
                text113                            4FD4     4FD4       1A     2734       0
                text112                            4F2A     4F2A       20     2734       0
                text111                            4F4A     4F4A       1E     2734       0
                text110                            51CC     51CC        A     2734       0
                text109                            5198     5198        E     2734       0
                text108                            4E20     4E20       24        4       0
                text107                            51B4     51B4        C     2734       0
                text106                            44B8     44B8       70        4       0
                text105                            5096     5096       14     2734       0
                text104                            46B2     46B2       60        4       0
                text103                            4D88     4D88       28        4       0
                text102                            5082     5082       14     2734       0
                text101                            517A     517A       10     2734       0
                text100                            516A     516A       10     2734       0
                text99                             4822     4822       56        4       0
                text98                             4CD4     4CD4       30        4       0
                text97                             41CA     41CA       88        4       0
                text96                             49BC     49BC       4A        4       0
                text95                             287A     287A      156        4       0
                text94                             4B0E     4B0E       3E        4       0
                text93                             358E     358E       E2        4       0
                text92                             3EF0     3EF0       96        4       0
                text91                             4DFC     4DFC       24        4       0
                text90                             3824     3824       C6        4       0
                text89                             2042     2042      1C4        4       0
                text88                             4A4E     4A4E       44        4       0
                text87                             33C6     33C6       E6        4       0
                text86                             413E     413E       8C        4       0
                text85                             4448     4448       70        4       0
                text84                             4652     4652       60        4       0
                text83                             2E0C     2E0C      10A        4       0
                text82                             2AE0     2AE0      110        4       0
                text81                             3E5A     3E5A       96        4       0
                text80                             4252     4252       82        4       0
                text79                             2F16     2F16       F8        4       0
                text78                             1C38     1C38      244        4       0
                text77                             4E68     4E68       22     2734       0
                text76                             518A     518A        E     2734       0
                text75                             1282     1282      3E0        4       0
                text74                               1C       1C      C44        4       0
                text73                             31F0     31F0       EC        4       0
                text72                             476E     476E       5C        4       0
                text71                             50F2     50F2       12     2734       0
                text70                             5208     5208        8     2734       0
                text69                             4F84     4F84       1C     2734       0
                text68                             34AC     34AC       E2        4       0
                text67                             4DD6     4DD6       26        4       0
                text66                             3BD6     3BD6       B6        4       0
                text65                             506E     506E       14     2734       0
                text64                             50E0     50E0       12     2734       0
                text63                             505A     505A       14     2734       0
                text62                             496E     496E       4E        4       0
                text61                             4528     4528       66        4       0
                text60                             47CA     47CA       58        4       0
                text59                             42D4     42D4       80        4       0
                text58                             491C     491C       52        4       0
                text57                             50CE     50CE       12     2734       0
                text56                             29D0     29D0      110        4       0
                text55                             4AD0     4AD0       3E        4       0
                text54                             300E     300E       F2        4       0
                text53                             4D32     4D32       2C        4       0
                text52                             23C6     23C6      1AE        4       0
                text51                             3670     3670       DC        4       0
                text50                             4F68     4F68       1C     2734       0
                text49                             4CA2     4CA2       32        4       0
                text48                             1662     1662      374        4       0
                text47                             4FEE     4FEE       18     2734       0
                text46                             515A     515A       10     2734       0
                text45                             1E7C     1E7C      1C6        4       0
                text44                             4F0A     4F0A       20     2734       0
                text43                             2206     2206      1C0        4       0
                text42                             4EEA     4EEA       20     2734       0
                text41                             4712     4712       5C        4       0
                text40                             2CFE     2CFE      10E        4       0
                text39                             4D5E     4D5E       2A        4       0
                text38                             401A     401A       94        4       0
                text37                             39AA     39AA       C0        4       0
                text36                             3DC4     3DC4       96        4       0
                text35                             4FBA     4FBA       1A     2734       0
                text34                             5046     5046       14     2734       0
                text33                             514A     514A       10     2734       0
                text32                             4FA0     4FA0       1A     2734       0
                text31                             3100     3100       F0        4       0
                text30                             3F86     3F86       94        4       0
                text29                             2574     2574      186        4       0
                text28                             3B20     3B20       B6        4       0
                text27                             3D2A     3D2A       9A        4       0
                text26                             5032     5032       14     2734       0
                text25                             513A     513A       10     2734       0
                text24                             4ECA     4ECA       20     2734       0
                text23                             4EAA     4EAA       20     2734       0
                text22                             3A6A     3A6A       B6        4       0
                text21                             2BF0     2BF0      10E        4       0
                text20                             374C     374C       D8        4       0
                text19                             3C8C     3C8C       9E        4       0
                text18                             4D04     4D04       2E        4       0
                text17                             4C02     4C02       3A        4       0
                text16                             45F0     45F0       62        4       0
                text15                             50BC     50BC       12     2734       0
                text14                             4C70     4C70       32        4       0
                text13                             4E8A     4E8A       20     2734       0
                text12                             38EA     38EA       C0        4       0
                text11                             48CA     48CA       52        4       0
                text10                             4878     4878       52        4       0
                text9                              4C3C     4C3C       34        4       0
                text8                              32DC     32DC       EA        4       0
                text7                              50AA     50AA       12     2734       0
                text6                              5006     5006       16     2734       0
                text5                               C60      C60      622        4       0
                text4                              4A92     4A92       3E        4       0
                text3                              4B8A     4B8A       3C        4       0
                text2                              4DB0     4DB0       26        4       0
                text1                              43D0     43D0       78        4       0
                text0                              19D6     19D6      262        4       0
                cstackCOMRAM                          1        1       5F        1       1
                cstackBANK0                          DA       DA       1A       80       1
                cstackBANK1                         17C      17C       1A      100       1
                dataBANK1                           100      100       7C      100       1
                dataBANK0                            B7       B7       23       80       1
                bssBANK0                             80       80       37       80       1
                bssCOMRAM                            60       60       10        1       1
                cinit                              458E     458E       62        4       0
                idataBANK1                         4354     4354       7C        4       0
                idataBANK0                         4E44     4E44       23        4       0

TOTAL           Name                               Link     Load   Length     Space
        CLASS   STACK          

        CLASS   CODE           
                end_init                             18       18        4         0
                intcode                               8        8       10         0
                reset_vec                             0        0        4         0
                text131                            51FE     51FE        A         0
                text130                            26FA     26FA      180         0
                text129                            51F4     51F4        A         0
                text128                            51EA     51EA        A         0
                text127                            51A6     51A6        E         0
                intcode_body                       40AE     40AE       90         0
                text125                            51C0     51C0        C         0
                text124                            5218     5218        8         0
                text123                            5210     5210        8         0
                text122                            51E0     51E0        A         0
                text121                            501C     501C       16         0
                text120                            5128     5128       12         0
                text119                            51D6     51D6        A         0
                text118                            4A06     4A06       48         0
                text117                            5116     5116       12         0
                text116                            5104     5104       12         0
                text115                            4B4C     4B4C       3E         0
                text114                            4BC6     4BC6       3C         0
                text113                            4FD4     4FD4       1A         0
                text112                            4F2A     4F2A       20         0
                text111                            4F4A     4F4A       1E         0
                text110                            51CC     51CC        A         0
                text109                            5198     5198        E         0
                text108                            4E20     4E20       24         0
                text107                            51B4     51B4        C         0
                text106                            44B8     44B8       70         0
                text105                            5096     5096       14         0
                text104                            46B2     46B2       60         0
                text103                            4D88     4D88       28         0
                text102                            5082     5082       14         0
                text101                            517A     517A       10         0
                text100                            516A     516A       10         0
                text99                             4822     4822       56         0
                text98                             4CD4     4CD4       30         0
                text97                             41CA     41CA       88         0
                text96                             49BC     49BC       4A         0
                text95                             287A     287A      156         0
                text94                             4B0E     4B0E       3E         0
                text93                             358E     358E       E2         0
                text92                             3EF0     3EF0       96         0
                text91                             4DFC     4DFC       24         0
                text90                             3824     3824       C6         0
                text89                             2042     2042      1C4         0
                text88                             4A4E     4A4E       44         0
                text87                             33C6     33C6       E6         0
                text86                             413E     413E       8C         0
                text85                             4448     4448       70         0
                text84                             4652     4652       60         0
                text83                             2E0C     2E0C      10A         0
                text82                             2AE0     2AE0      110         0
                text81                             3E5A     3E5A       96         0
                text80                             4252     4252       82         0
                text79                             2F16     2F16       F8         0
                text78                             1C38     1C38      244         0
                text77                             4E68     4E68       22         0
                text76                             518A     518A        E         0
                text75                             1282     1282      3E0         0
                text74                               1C       1C      C44         0
                text73                             31F0     31F0       EC         0
                text72                             476E     476E       5C         0
                text71                             50F2     50F2       12         0
                text70                             5208     5208        8         0
                text69                             4F84     4F84       1C         0
                text68                             34AC     34AC       E2         0
                text67                             4DD6     4DD6       26         0
                text66                             3BD6     3BD6       B6         0
                text65                             506E     506E       14         0
                text64                             50E0     50E0       12         0
                text63                             505A     505A       14         0
                text62                             496E     496E       4E         0
                text61                             4528     4528       66         0
                text60                             47CA     47CA       58         0
                text59                             42D4     42D4       80         0
                text58                             491C     491C       52         0
                text57                             50CE     50CE       12         0
                text56                             29D0     29D0      110         0
                text55                             4AD0     4AD0       3E         0
                text54                             300E     300E       F2         0
                text53                             4D32     4D32       2C         0
                text52                             23C6     23C6      1AE         0
                text51                             3670     3670       DC         0
                text50                             4F68     4F68       1C         0
                text49                             4CA2     4CA2       32         0
                text48                             1662     1662      374         0
                text47                             4FEE     4FEE       18         0
                text46                             515A     515A       10         0
                text45                             1E7C     1E7C      1C6         0
                text44                             4F0A     4F0A       20         0
                text43                             2206     2206      1C0         0
                text42                             4EEA     4EEA       20         0
                text41                             4712     4712       5C         0
                text40                             2CFE     2CFE      10E         0
                text39                             4D5E     4D5E       2A         0
                text38                             401A     401A       94         0
                text37                             39AA     39AA       C0         0
                text36                             3DC4     3DC4       96         0
                text35                             4FBA     4FBA       1A         0
                text34                             5046     5046       14         0
                text33                             514A     514A       10         0
                text32                             4FA0     4FA0       1A         0
                text31                             3100     3100       F0         0
                text30                             3F86     3F86       94         0
                text29                             2574     2574      186         0
                text28                             3B20     3B20       B6         0
                text27                             3D2A     3D2A       9A         0
                text26                             5032     5032       14         0
                text25                             513A     513A       10         0
                text24                             4ECA     4ECA       20         0
                text23                             4EAA     4EAA       20         0
                text22                             3A6A     3A6A       B6         0
                text21                             2BF0     2BF0      10E         0
                text20                             374C     374C       D8         0
                text19                             3C8C     3C8C       9E         0
                text18                             4D04     4D04       2E         0
                text17                             4C02     4C02       3A         0
                text16                             45F0     45F0       62         0
                text15                             50BC     50BC       12         0
                text14                             4C70     4C70       32         0
                text13                             4E8A     4E8A       20         0
                text12                             38EA     38EA       C0         0
                text11                             48CA     48CA       52         0
                text10                             4878     4878       52         0
                text9                              4C3C     4C3C       34         0
                text8                              32DC     32DC       EA         0
                text7                              50AA     50AA       12         0
                text6                              5006     5006       16         0
                text5                               C60      C60      622         0
                text4                              4A92     4A92       3E         0
                text3                              4B8A     4B8A       3C         0
                text2                              4DB0     4DB0       26         0
                text1                              43D0     43D0       78         0
                text0                              19D6     19D6      262         0
                cinit                              458E     458E       62         0
                idataBANK1                         4354     4354       7C         0
                idataBANK0                         4E44     4E44       23         0

        CLASS   CONST          

        CLASS   SMALLCONST     

        CLASS   MEDIUMCONST    
                mediumconst                        FC36     FC36      3CA         0

        CLASS   COMRAM         
                cstackCOMRAM                          1        1       5F         1
                bssCOMRAM                            60       60       10         1

        CLASS   ABS1           

        CLASS   BIGRAM         

        CLASS   RAM            

        CLASS   BANK0          
                cstackBANK0                          DA       DA       1A         1
                dataBANK0                            B7       B7       23         1
                bssBANK0                             80       80       37         1

        CLASS   BANK1          
                cstackBANK1                         17C      17C       1A         1
                dataBANK1                           100      100       7C         1

        CLASS   BANK2          

        CLASS   BANK3          

        CLASS   BANK4          

        CLASS   BANK5          

        CLASS   BANK6          

        CLASS   BANK7          

        CLASS   BANK8          

        CLASS   BANK9          

        CLASS   BANK10         

        CLASS   BANK11         

        CLASS   BANK12         

        CLASS   BANK13         

        CLASS   BANK14         

        CLASS   BANK15         

        CLASS   SFR            

        CLASS   FARRAM         

        CLASS   CONFIG         
                config                           300000   300000        E         0

        CLASS   IDLOC          
                idloc                            200000   200000        8         0

        CLASS   EEDATA         



SEGMENTS        Name                           Load    Length   Top    Selector   Space  Class

                reset_vec                      000000  000004  000004         0       0  CODE    
                cstackCOMRAM                   000001  00006F  000070         1       1  COMRAM  
                intcode                        000008  004E5F  004E67         4       0  CODE    
                bssBANK0                       000080  000074  0000F4        80       1  BANK0   
                dataBANK1                      000100  000096  000196       100       1  BANK1   
                text77                         004E68  0003B8  005220      2734       0  CODE    
                mediumconst                    00FC36  0003CA  010000      7E1B       0  MEDIUMCO
                idloc                          200000  000008  200008    200000       0  IDLOC   
                config                         300000  00000E  30000E    300000       0  CONFIG  


UNUSED ADDRESS RANGES

        Name                Unused          Largest block    Delta
        BANK0            0000F4-0000FF                C
        BANK1            000196-0001FF               6A
        BANK10           000A00-000AFF              100
        BANK11           000B00-000BFF              100
        BANK12           000C00-000CFF              100
        BANK13           000D00-000DFF              100
        BANK14           000E00-000EFF              100
        BANK15           000F00-000F7F               80
        BANK2            000200-0002FF              100
        BANK3            000300-0003FF              100
        BANK4            000400-0004FF              100
        BANK5            000500-0005FF              100
        BANK6            000600-0006FF              100
        BANK7            000700-0007FF              100
        BANK8            000800-0008FF              100
        BANK9            000900-0009FF              100
        BIGRAM           000070-00007F               10
                         0000F4-0000FF                C
                         000196-000F7F              DEA
        CODE             000004-000007                4
                         004E67-004E67                1
                         005220-00FC35             AA16
        COMRAM           000070-00007F               10
        CONST            000004-000007                4
                         004E67-004E67                1
                         005220-00FC35             AA16
        EEDATA           F00000-F003FF              400
        MEDIUMCONST      004E67-004E67                1
                         005220-00FC35             AA16
        RAM              0000F4-0000FF                C
                         000196-000F7F              100
        SFR              000F80-000FFF               80
        SMALLCONST       004E67-004E67                1
                         005220-00FC35              100
        STACK            000196-000F7F              DEA

                                  Symbol Table

?_DS1621_Read_Temp                            cstackCOMRAM 000014
?___awdiv                                     cstackCOMRAM 000017
?___awmod                                     cstackCOMRAM 00003D
?___awtoft                                    cstackCOMRAM 000019
?___ftadd                                     cstackCOMRAM 00004D
?___ftdiv                                     cstackCOMRAM 00002E
?___ftmul                                     cstackCOMRAM 00001F
?___ftneg                                     cstackCOMRAM 000011
?___ftpack                                    cstackCOMRAM 000011
?___ftsub                                     cstackCOMRAM 000059
?___fttol                                     cstackCOMRAM 00002E
?___lbtoft                                    cstackCOMRAM 000019
?___lldiv                                     cstackCOMRAM 000011
?___llmod                                     cstackCOMRAM 00001E
?___lltoft                                    cstackCOMRAM 000019
?___wmul                                      cstackCOMRAM 000011
?__div_to_l_                                  cstackCOMRAM 000011
?__tdiv_to_l_                                 cstackCOMRAM 000011
?_dec_2_bcd                                   cstackCOMRAM 000043
?_fround                                      cstackCOMRAM 000043
?_get_RPM                                     cstackCOMRAM 00001F
?_get_duty_cycle                              cstackCOMRAM 000046
?_get_full_ADC                                cstackCOMRAM 000011
?_printf                                      cstackBANK0  0000DA
?_read_volt                                   cstackCOMRAM 00003D
?_scale                                       cstackCOMRAM 000043
?_strlen                                      cstackCOMRAM 000011
DS1621_Init@Device                            cstackCOMRAM 000016
DS1621_Read_Temp@Cmd                          cstackCOMRAM 000016
DS1621_Read_Temp@Data_Ret                     cstackCOMRAM 000017
DS1621_Read_Temp@Device                       cstackCOMRAM 000018
DS3231_Init@Address_7                         cstackCOMRAM 000017
DS3231_Init@Address_E                         cstackCOMRAM 000018
DS3231_Init@Device                            cstackCOMRAM 00001A
DS3231_Init@control_E                         cstackCOMRAM 000019
DS3231_Read_Alarm_Time@Address                cstackCOMRAM 000014
DS3231_Read_Alarm_Time@Device                 cstackCOMRAM 000015
DS3231_Read_Time@Address                      cstackCOMRAM 000014
DS3231_Read_Time@Device                       cstackCOMRAM 000015
DS3231_Turn_Off_Alarm@Address_E               cstackCOMRAM 00001B
DS3231_Turn_Off_Alarm@Address_F               cstackCOMRAM 00001C
DS3231_Turn_Off_Alarm@Device                  cstackCOMRAM 00001F
DS3231_Turn_Off_Alarm@control_E               cstackCOMRAM 00001D
DS3231_Turn_Off_Alarm@control_F               cstackCOMRAM 00001E
DS3231_Turn_On_Alarm@Address_E                cstackCOMRAM 00001B
DS3231_Turn_On_Alarm@Address_F                cstackCOMRAM 00001C
DS3231_Turn_On_Alarm@Device                   cstackCOMRAM 00001F
DS3231_Turn_On_Alarm@control_E                cstackCOMRAM 00001D
DS3231_Turn_On_Alarm@control_F                cstackCOMRAM 00001E
DS3231_Write_Alarm_Time@Address               cstackCOMRAM 00004B
DS3231_Write_Alarm_Time@Device                cstackCOMRAM 00004A
DS3231_Write_Time@Address                     cstackCOMRAM 00004B
DS3231_Write_Time@Device                      cstackCOMRAM 00004A
I2C_Init@c                                    cstackCOMRAM 000011
I2C_Read@ack                                  cstackCOMRAM 000011
I2C_Read@inByte                               cstackCOMRAM 000013
I2C_Read@n                                    cstackCOMRAM 000012
I2C_Write@n                                   cstackCOMRAM 000012
I2C_Write@outByte                             cstackCOMRAM 000011
I2C_Write_Address_Read_One_Byte@Address       cstackCOMRAM 000014
I2C_Write_Address_Read_One_Byte@Data_Ret      cstackCOMRAM 000015
I2C_Write_Address_Read_One_Byte@Device        cstackCOMRAM 000016
I2C_Write_Address_Write_One_Byte@Address      cstackCOMRAM 000013
I2C_Write_Address_Write_One_Byte@Data_Out     cstackCOMRAM 000014
I2C_Write_Address_Write_One_Byte@Device       cstackCOMRAM 000015
I2C_Write_Cmd_Only@Cmd                        cstackCOMRAM 000013
I2C_Write_Cmd_Only@Device                     cstackCOMRAM 000014
I2C_Write_Cmd_Write_Data@Cmd                  cstackCOMRAM 000013
I2C_Write_Cmd_Write_Data@Data_Out             cstackCOMRAM 000014
I2C_Write_Cmd_Write_Data@Device               cstackCOMRAM 000015
OpenUSART@config                              cstackCOMRAM 000013
OpenUSART@spbrg                               cstackCOMRAM 000011
Set_Alarm_RGB@color                           cstackCOMRAM 000012
Set_DC_RGB@duty_cycle                         cstackCOMRAM 00001F
Set_RPM_RGB@rpm                               cstackCOMRAM 00001F
Update_Screen@neg_DS1621_tempC                cstackCOMRAM 00004E
Update_Screen@neg_tempF                       cstackCOMRAM 00004C
Update_Setup_Heater_Screen@dc_char1           cstackCOMRAM 00004A
Update_Setup_Heater_Screen@dc_char2           cstackCOMRAM 00004B
Update_Setup_Heater_Screen@dc_char3           cstackCOMRAM 00004C
Update_Setup_Screen_Cursor_Backward@field     cstackCOMRAM 00002E
Update_Setup_Screen_Cursor_Backward@xinc      cstackCOMRAM 000030
Update_Setup_Screen_Cursor_Backward@yinc      cstackCOMRAM 00002F
Update_Setup_Screen_Cursor_Forward@field      cstackCOMRAM 00002E
Update_Setup_Screen_Cursor_Forward@xinc       cstackCOMRAM 000030
Update_Setup_Screen_Cursor_Forward@yinc       cstackCOMRAM 00002F
Wait_One_Sec@k                                cstackCOMRAM 000011
_ADCON0                                       (abs)        000FC2
_ADCON0bits                                   (abs)        000FC2
_ADCON1                                       (abs)        000FC1
_ADCON2                                       (abs)        000FC0
_ADRESH                                       (abs)        000FC4
_ADRESL                                       (abs)        000FC3
_ALARMEN                                      bssBANK0     000087
_Activate_Buzzer_2KHz                         text64       0050E0
_Activate_Buzzer_4KHz                         text15       0050BC
_Activate_Buzzer_500Hz                        text71       0050F2
_Alarm_SW_Txt                                 dataBANK0    0000C4
_CCP1CON                                      (abs)        000FBD
_CCP2CON                                      (abs)        000FBA
_CCPR1L                                       (abs)        000FBE
_CCPR2L                                       (abs)        000FBB
_DC_Txt                                       dataBANK0    0000C8
_DS1621_Init                                  text111      004F4A
_DS1621_Read_Temp                             text114      004BC6
_DS1621_tempC                                 bssBANK0     000089
_DS1621_tempF                                 bssBANK0     00008B
_DS3231_Init                                  text12       0038EA
_DS3231_Read_Alarm_Time                       text62       00496E
_DS3231_Read_Time                             text61       004528
_DS3231_Turn_Off_Alarm                        text11       0048CA
_DS3231_Turn_On_Alarm                         text10       004878
_DS3231_Write_Alarm_Time                      text59       0042D4
_DS3231_Write_Time                            text27       003D2A
_Deactivate_Buzzer                            text70       005208
_Decrease_Alarm_Time                          text72       00476E
_Decrease_Heater_Temp                         text35       004FBA
_Decrease_Time                                text28       003B20
_Do_Beep_Bad                                  text65       00506E
_Do_Beep_Good                                 text63       00505A
_Do_Init                                      text104      0046B2
_Do_Save_New_Alarm_Time                       text47       004FEE
_Do_Save_New_Heater_Temp                      text34       005046
_Do_Save_New_Time                             text26       005032
_Do_Setup_Alarm_Time                          text37       0039AA
_Do_Setup_Heater_Temp                         text30       003F86
_Do_Setup_Time                                text20       00374C
_Exit_Setup_Alarm_Time                        text46       00515A
_Exit_Setup_Heater_Temp                       text33       00514A
_Exit_Time_Setup                              text25       00513A
_Go_Next_Alarm_Field                          text44       004F0A
_Go_Next_Field                                text24       004ECA
_Go_Prev_Alarm_Field                          text42       004EEA
_Go_Prev_Field                                text23       004EAA
_HEATER                                       bssBANK0     00009D
_Heater_SW_Txt                                dataBANK0    0000CC
_Heater_Set_Temp_Txt                          dataBANK0    0000BA
_I2C_Init                                     text110      0051CC
_I2C_ReStart                                  text121      00501C
_I2C_Read                                     text118      004A06
_I2C_Start                                    text117      005116
_I2C_Stop                                     text116      005104
_I2C_Write                                    text115      004B4C
_I2C_Write_Address_Read_One_Byte              text14       004C70
_I2C_Write_Address_Write_One_Byte             text13       004E8A
_I2C_Write_Cmd_Only                           text113      004FD4
_I2C_Write_Cmd_Write_Data                     text112      004F2A
_INT0_isr                                     text130      0026FA
_INT1_flag                                    bssBANK0     00009E
_INT1_isr                                     text129      0051F4
_INT2_flag                                    bssBANK0     00009F
_INT2_isr                                     text128      0051EA
_INTCON2bits                                  (abs)        000FF1
_INTCON3bits                                  (abs)        000FF0
_INTCONbits                                   (abs)        000FF2
_In_Alarm_Time_Setup                          bssBANK0     0000A0
_In_Heater_Temp_Setup                         bssBANK0     0000A1
_In_Time_Setup                                bssBANK0     0000A2
_Increase_Alarm_Time                          text41       004712
_Increase_Heater_Temp                         text32       004FA0
_Increase_Time                                text22       003A6A
_Init_ADC                                     text109      005198
_Init_Interrupt                               text108      004E20
_Initialize_Screen                            text48       001662
_Initialize_Setup_Alarm_Time_Screen           text40       002CFE
_Initialize_Setup_Heater_Screen               text31       003100
_Initialize_Setup_Time_Screen                 text21       002BF0
_LCD_Reset                                    text57       0050CE
_MATCHED                                      bssBANK0     00008D
_Monitor_Heater                               text18       004D04
_Nec_code                                     bssBANK0     000080
_Nec_code1                                    bssBANK0     0000A3
_Nec_state                                    bssBANK0     0000A4
_OSCCON                                       (abs)        000FD3
_OpenUSART                                    text106      0044B8
_PIE1bits                                     (abs)        000F9D
_PIR1bits                                     (abs)        000F9E
_PORTA                                        (abs)        000F80
_PORTBbits                                    (abs)        000F81
_PORTCbits                                    (abs)        000F82
_PORTD                                        (abs)        000F83
_PORTE                                        (abs)        000F84
_PORTEbits                                    (abs)        000F84
_PR2                                          (abs)        000FCB
_RBPU                                         (abs)        007F8F
_RCSTA                                        (abs)        000FAB
_RCSTAbits                                    (abs)        000FAB
_RGB                                          dataBANK1    000134
_RPM_Txt                                      dataBANK0    0000BF
_RTC_ALARM_Txt                                dataBANK0    0000D8
_Rcmd1                                        text56       0029D0
_Rcmd2red                                     text55       004AD0
_Rcmd3                                        text54       00300E
_SPBRG                                        (abs)        000FAF
_SPBRGH                                       (abs)        000FB0
_SSPBUF                                       (abs)        000FC9
_SSPCON1                                      (abs)        000FC6
_SSPSTAT                                      (abs)        000FC7
_SSPSTATbits                                  (abs)        000FC7
_Select_Alarm_Field                           bssBANK0     0000A5
_Select_Field                                 bssBANK0     0000A6
_Select_Heater_Temp_Field                     bssBANK0     0000A7
_Set_Alarm_RGB                                text9        004C3C
_Set_DC_RGB                                   text17       004C02
_Set_RPM_RGB                                  text16       0045F0
_T0CON                                        (abs)        000FD5
_T0CONbits                                    (abs)        000FD5
_T1CON                                        (abs)        000FCD
_T1CONbits                                    (abs)        000FCD
_T2CON                                        (abs)        000FCA
_T3CON                                        (abs)        000FB1
_TFT_GreenTab_Initialize                      text53       004D32
_TIMER1_isr                                   text127      0051A6
_TMR0H                                        (abs)        000FD7
_TMR0L                                        (abs)        000FD6
_TMR1H                                        (abs)        000FCF
_TMR1L                                        (abs)        000FCE
_TMR3L                                        (abs)        000FB2
_TRISA                                        (abs)        000F92
_TRISB                                        (abs)        000F93
_TRISBbits                                    (abs)        000F93
_TRISC                                        (abs)        000F94
_TRISCbits                                    (abs)        000F94
_TRISD                                        (abs)        000F95
_TRISE                                        (abs)        000F96
_TRMT                                         (abs)        007D61
_TXREG                                        (abs)        000FAD
_TXSTA                                        (abs)        000FAC
_TXSTAbits                                    (abs)        000FAC
_Test_Alarm                                   text8        0032DC
_Time_Elapsed                                 bssCOMRAM    000060
_Toggle_Heater                                text6        005006
_Turn_Off_Fan                                 text107      0051B4
_Turn_On_Fan                                  text7        0050AA
_Update_Screen                                text5        000C60
_Update_Setup_Alarm_Time_Screen               text73       0031F0
_Update_Setup_Heater_Screen                   text36       003DC4
_Update_Setup_Screen_Cursor_Backward          text43       002206
_Update_Setup_Screen_Cursor_Forward           text45       001E7C
_Update_Setup_Time_Screen                     text29       002574
_Volt_Txt                                     dataBANK1    000171
_Wait_One_Sec                                 text69       004F84
__CFG_BOREN$OFF                               (abs)        000000
__CFG_CCP2MX$PORTBE                           (abs)        000000
__CFG_LVP$OFF                                 (abs)        000000
__CFG_OSC$INTIO67                             (abs)        000000
__CFG_WDT$OFF                                 (abs)        000000
__HRAM                                        (abs)        000000
__Habs1                                       abs1         000000
__Hbank0                                      bank0        000000
__Hbank1                                      bank1        000000
__Hbank10                                     bank10       000000
__Hbank11                                     bank11       000000
__Hbank12                                     bank12       000000
__Hbank13                                     bank13       000000
__Hbank14                                     bank14       000000
__Hbank15                                     bank15       000000
__Hbank2                                      bank2        000000
__Hbank3                                      bank3        000000
__Hbank4                                      bank4        000000
__Hbank5                                      bank5        000000
__Hbank6                                      bank6        000000
__Hbank7                                      bank7        000000
__Hbank8                                      bank8        000000
__Hbank9                                      bank9        000000
__Hbigbss                                     bigbss       000000
__Hbigdata                                    bigdata      000000
__Hbigram                                     bigram       000000
__Hbss                                        bss          000000
__HbssBANK0                                   bssBANK0     000000
__HbssCOMRAM                                  bssCOMRAM    000000
__Hcinit                                      cinit        000000
__Hclrtext                                    clrtext      000000
__Hcomram                                     comram       000000
__Hconfig                                     config       30000E
__Hconst                                      const        000000
__HcstackBANK0                                cstackBANK0  000000
__HcstackBANK1                                cstackBANK1  000000
__HcstackCOMRAM                               cstackCOMRAM 000000
__Hdata                                       data         000000
__HdataBANK0                                  dataBANK0    000000
__HdataBANK1                                  dataBANK1    000000
__Heeprom_data                                eeprom_data  000000
__Hend_init                                   end_init     00001C
__Hfarbss                                     farbss       000000
__Hfardata                                    fardata      000000
__Hibigdata                                   ibigdata     000000
__Hidata                                      idata        000000
__HidataBANK0                                 idataBANK0   000000
__HidataBANK1                                 idataBANK1   000000
__Hidloc                                      idloc        200008
__Hifardata                                   ifardata     000000
__Hinit                                       init         000018
__Hintcode                                    intcode      000018
__Hintcode_body                               intcode_body 000000
__Hintcodelo                                  intcodelo    000018
__Hintentry                                   intentry     000000
__Hintret                                     intret       000000
__Hintsave_regs                               intsave_regs 000000
__Hirdata                                     irdata       000000
__Hmediumconst                                mediumconst  010000
__HnvFARRAM                                   nvFARRAM     000000
__Hnvbit                                      nvbit        000000
__Hnvrram                                     nvrram       000000
__Hparam                                      rparam       000000
__Hpowerup                                    powerup      000018
__Hram                                        ram          000000
__Hramtop                                     ramtop       001000
__Hrbit                                       rbit         000000
__Hrbss                                       rbss         000000
__Hrdata                                      rdata        000000
__Hreset_vec                                  reset_vec    000004
__Hrparam                                     rparam       000000
__Hsfr                                        sfr          000000
__Hsmallconst                                 smallconst   000000
__Hspace_0                                    (abs)        30000E
__Hspace_1                                    (abs)        000196
__Hspace_2                                    (abs)        000000
__Hstack                                      stack        000000
__Hstruct                                     struct       000000
__Htemp                                       temp         000000
__Htext                                       text         000000
__Htext0                                      text0        000000
__Htext1                                      text1        000000
__Htext10                                     text10       000000
__Htext100                                    text100      000000
__Htext101                                    text101      000000
__Htext102                                    text102      000000
__Htext103                                    text103      000000
__Htext104                                    text104      000000
__Htext105                                    text105      000000
__Htext106                                    text106      000000
__Htext107                                    text107      000000
__Htext108                                    text108      000000
__Htext109                                    text109      000000
__Htext11                                     text11       000000
__Htext110                                    text110      000000
__Htext111                                    text111      000000
__Htext112                                    text112      000000
__Htext113                                    text113      000000
__Htext114                                    text114      000000
__Htext115                                    text115      000000
__Htext116                                    text116      000000
__Htext117                                    text117      000000
__Htext118                                    text118      000000
__Htext119                                    text119      000000
__Htext12                                     text12       000000
__Htext120                                    text120      000000
__Htext121                                    text121      000000
__Htext122                                    text122      000000
__Htext123                                    text123      000000
__Htext124                                    text124      000000
__Htext125                                    text125      000000
__Htext127                                    text127      000000
__Htext128                                    text128      000000
__Htext129                                    text129      000000
__Htext13                                     text13       000000
__Htext130                                    text130      000000
__Htext131                                    text131      000000
__Htext14                                     text14       000000
__Htext15                                     text15       000000
__Htext16                                     text16       000000
__Htext17                                     text17       000000
__Htext18                                     text18       000000
__Htext19                                     text19       000000
__Htext2                                      text2        000000
__Htext20                                     text20       000000
__Htext21                                     text21       000000
__Htext22                                     text22       000000
__Htext23                                     text23       000000
__Htext24                                     text24       000000
__Htext25                                     text25       000000
__Htext26                                     text26       000000
__Htext27                                     text27       000000
__Htext28                                     text28       000000
__Htext29                                     text29       000000
__Htext3                                      text3        000000
__Htext30                                     text30       000000
__Htext31                                     text31       000000
__Htext32                                     text32       000000
__Htext33                                     text33       000000
__Htext34                                     text34       000000
__Htext35                                     text35       000000
__Htext36                                     text36       000000
__Htext37                                     text37       000000
__Htext38                                     text38       000000
__Htext39                                     text39       000000
__Htext4                                      text4        000000
__Htext40                                     text40       000000
__Htext41                                     text41       000000
__Htext42                                     text42       000000
__Htext43                                     text43       000000
__Htext44                                     text44       000000
__Htext45                                     text45       000000
__Htext46                                     text46       000000
__Htext47                                     text47       000000
__Htext48                                     text48       000000
__Htext49                                     text49       000000
__Htext5                                      text5        000000
__Htext50                                     text50       000000
__Htext51                                     text51       000000
__Htext52                                     text52       000000
__Htext53                                     text53       000000
__Htext54                                     text54       000000
__Htext55                                     text55       000000
__Htext56                                     text56       000000
__Htext57                                     text57       000000
__Htext58                                     text58       000000
__Htext59                                     text59       000000
__Htext6                                      text6        000000
__Htext60                                     text60       000000
__Htext61                                     text61       000000
__Htext62                                     text62       000000
__Htext63                                     text63       000000
__Htext64                                     text64       000000
__Htext65                                     text65       000000
__Htext66                                     text66       000000
__Htext67                                     text67       000000
__Htext68                                     text68       000000
__Htext69                                     text69       000000
__Htext7                                      text7        000000
__Htext70                                     text70       000000
__Htext71                                     text71       000000
__Htext72                                     text72       000000
__Htext73                                     text73       000000
__Htext74                                     text74       000000
__Htext75                                     text75       000000
__Htext76                                     text76       000000
__Htext77                                     text77       000000
__Htext78                                     text78       000000
__Htext79                                     text79       000000
__Htext8                                      text8        000000
__Htext80                                     text80       000000
__Htext81                                     text81       000000
__Htext82                                     text82       000000
__Htext83                                     text83       000000
__Htext84                                     text84       000000
__Htext85                                     text85       000000
__Htext86                                     text86       000000
__Htext87                                     text87       000000
__Htext88                                     text88       000000
__Htext89                                     text89       000000
__Htext9                                      text9        000000
__Htext90                                     text90       000000
__Htext91                                     text91       000000
__Htext92                                     text92       000000
__Htext93                                     text93       000000
__Htext94                                     text94       000000
__Htext95                                     text95       000000
__Htext96                                     text96       000000
__Htext97                                     text97       000000
__Htext98                                     text98       000000
__Htext99                                     text99       000000
__LRAM                                        (abs)        000001
__Labs1                                       abs1         000000
__Lbank0                                      bank0        000000
__Lbank1                                      bank1        000000
__Lbank10                                     bank10       000000
__Lbank11                                     bank11       000000
__Lbank12                                     bank12       000000
__Lbank13                                     bank13       000000
__Lbank14                                     bank14       000000
__Lbank15                                     bank15       000000
__Lbank2                                      bank2        000000
__Lbank3                                      bank3        000000
__Lbank4                                      bank4        000000
__Lbank5                                      bank5        000000
__Lbank6                                      bank6        000000
__Lbank7                                      bank7        000000
__Lbank8                                      bank8        000000
__Lbank9                                      bank9        000000
__Lbigbss                                     bigbss       000000
__Lbigdata                                    bigdata      000000
__Lbigram                                     bigram       000000
__Lbss                                        bss          000000
__LbssBANK0                                   bssBANK0     000000
__LbssCOMRAM                                  bssCOMRAM    000000
__Lcinit                                      cinit        000000
__Lclrtext                                    clrtext      000000
__Lcomram                                     comram       000000
__Lconfig                                     config       300000
__Lconst                                      const        000000
__LcstackBANK0                                cstackBANK0  000000
__LcstackBANK1                                cstackBANK1  000000
__LcstackCOMRAM                               cstackCOMRAM 000000
__Ldata                                       data         000000
__LdataBANK0                                  dataBANK0    000000
__LdataBANK1                                  dataBANK1    000000
__Leeprom_data                                eeprom_data  000000
__Lend_init                                   end_init     000018
__Lfarbss                                     farbss       000000
__Lfardata                                    fardata      000000
__Libigdata                                   ibigdata     000000
__Lidata                                      idata        000000
__LidataBANK0                                 idataBANK0   000000
__LidataBANK1                                 idataBANK1   000000
__Lidloc                                      idloc        200000
__Lifardata                                   ifardata     000000
__Linit                                       init         000018
__Lintcode                                    intcode      000008
__Lintcode_body                               intcode_body 000000
__Lintcodelo                                  intcodelo    000018
__Lintentry                                   intentry     000000
__Lintret                                     intret       000000
__Lintsave_regs                               intsave_regs 000000
__Lirdata                                     irdata       000000
__Lmediumconst                                mediumconst  00FC36
__LnvFARRAM                                   nvFARRAM     000000
__Lnvbit                                      nvbit        000000
__Lnvrram                                     nvrram       000000
__Lparam                                      rparam       000000
__Lpowerup                                    powerup      000018
__Lram                                        ram          000000
__Lramtop                                     ramtop       001000
__Lrbit                                       rbit         000000
__Lrbss                                       rbss         000000
__Lrdata                                      rdata        000000
__Lreset_vec                                  reset_vec    000000
__Lrparam                                     rparam       000000
__Lsfr                                        sfr          000000
__Lsmallconst                                 smallconst   000000
__Lspace_0                                    (abs)        000000
__Lspace_1                                    (abs)        000000
__Lspace_2                                    (abs)        000000
__Lstack                                      stack        000000
__Lstruct                                     struct       000000
__Ltemp                                       temp         000000
__Ltext                                       text         000000
__Ltext0                                      text0        000000
__Ltext1                                      text1        000000
__Ltext10                                     text10       000000
__Ltext100                                    text100      000000
__Ltext101                                    text101      000000
__Ltext102                                    text102      000000
__Ltext103                                    text103      000000
__Ltext104                                    text104      000000
__Ltext105                                    text105      000000
__Ltext106                                    text106      000000
__Ltext107                                    text107      000000
__Ltext108                                    text108      000000
__Ltext109                                    text109      000000
__Ltext11                                     text11       000000
__Ltext110                                    text110      000000
__Ltext111                                    text111      000000
__Ltext112                                    text112      000000
__Ltext113                                    text113      000000
__Ltext114                                    text114      000000
__Ltext115                                    text115      000000
__Ltext116                                    text116      000000
__Ltext117                                    text117      000000
__Ltext118                                    text118      000000
__Ltext119                                    text119      000000
__Ltext12                                     text12       000000
__Ltext120                                    text120      000000
__Ltext121                                    text121      000000
__Ltext122                                    text122      000000
__Ltext123                                    text123      000000
__Ltext124                                    text124      000000
__Ltext125                                    text125      000000
__Ltext127                                    text127      000000
__Ltext128                                    text128      000000
__Ltext129                                    text129      000000
__Ltext13                                     text13       000000
__Ltext130                                    text130      000000
__Ltext131                                    text131      000000
__Ltext14                                     text14       000000
__Ltext15                                     text15       000000
__Ltext16                                     text16       000000
__Ltext17                                     text17       000000
__Ltext18                                     text18       000000
__Ltext19                                     text19       000000
__Ltext2                                      text2        000000
__Ltext20                                     text20       000000
__Ltext21                                     text21       000000
__Ltext22                                     text22       000000
__Ltext23                                     text23       000000
__Ltext24                                     text24       000000
__Ltext25                                     text25       000000
__Ltext26                                     text26       000000
__Ltext27                                     text27       000000
__Ltext28                                     text28       000000
__Ltext29                                     text29       000000
__Ltext3                                      text3        000000
__Ltext30                                     text30       000000
__Ltext31                                     text31       000000
__Ltext32                                     text32       000000
__Ltext33                                     text33       000000
__Ltext34                                     text34       000000
__Ltext35                                     text35       000000
__Ltext36                                     text36       000000
__Ltext37                                     text37       000000
__Ltext38                                     text38       000000
__Ltext39                                     text39       000000
__Ltext4                                      text4        000000
__Ltext40                                     text40       000000
__Ltext41                                     text41       000000
__Ltext42                                     text42       000000
__Ltext43                                     text43       000000
__Ltext44                                     text44       000000
__Ltext45                                     text45       000000
__Ltext46                                     text46       000000
__Ltext47                                     text47       000000
__Ltext48                                     text48       000000
__Ltext49                                     text49       000000
__Ltext5                                      text5        000000
__Ltext50                                     text50       000000
__Ltext51                                     text51       000000
__Ltext52                                     text52       000000
__Ltext53                                     text53       000000
__Ltext54                                     text54       000000
__Ltext55                                     text55       000000
__Ltext56                                     text56       000000
__Ltext57                                     text57       000000
__Ltext58                                     text58       000000
__Ltext59                                     text59       000000
__Ltext6                                      text6        000000
__Ltext60                                     text60       000000
__Ltext61                                     text61       000000
__Ltext62                                     text62       000000
__Ltext63                                     text63       000000
__Ltext64                                     text64       000000
__Ltext65                                     text65       000000
__Ltext66                                     text66       000000
__Ltext67                                     text67       000000
__Ltext68                                     text68       000000
__Ltext69                                     text69       000000
__Ltext7                                      text7        000000
__Ltext70                                     text70       000000
__Ltext71                                     text71       000000
__Ltext72                                     text72       000000
__Ltext73                                     text73       000000
__Ltext74                                     text74       000000
__Ltext75                                     text75       000000
__Ltext76                                     text76       000000
__Ltext77                                     text77       000000
__Ltext78                                     text78       000000
__Ltext79                                     text79       000000
__Ltext8                                      text8        000000
__Ltext80                                     text80       000000
__Ltext81                                     text81       000000
__Ltext82                                     text82       000000
__Ltext83                                     text83       000000
__Ltext84                                     text84       000000
__Ltext85                                     text85       000000
__Ltext86                                     text86       000000
__Ltext87                                     text87       000000
__Ltext88                                     text88       000000
__Ltext89                                     text89       000000
__Ltext9                                      text9        000000
__Ltext90                                     text90       000000
__Ltext91                                     text91       000000
__Ltext92                                     text92       000000
__Ltext93                                     text93       000000
__Ltext94                                     text94       000000
__Ltext95                                     text95       000000
__Ltext96                                     text96       000000
__Ltext97                                     text97       000000
__Ltext98                                     text98       000000
__Ltext99                                     text99       000000
__S0                                          (abs)        30000E
__S1                                          (abs)        000196
__S2                                          (abs)        000000
___awdiv                                      text81       003E5A
___awdiv@counter                              cstackCOMRAM 00001B
___awdiv@dividend                             cstackCOMRAM 000017
___awdiv@divisor                              cstackCOMRAM 000019
___awdiv@quotient                             cstackCOMRAM 00001D
___awdiv@sign                                 cstackCOMRAM 00001C
___awmod                                      text80       004252
___awmod@counter                              cstackCOMRAM 000041
___awmod@dividend                             cstackCOMRAM 00003D
___awmod@divisor                              cstackCOMRAM 00003F
___awmod@sign                                 cstackCOMRAM 000042
___awtoft                                     text3        004B8A
___awtoft@c                                   cstackCOMRAM 000019
___awtoft@sign                                cstackCOMRAM 00001C
___ftadd                                      text89       002042
___ftadd@exp1                                 cstackCOMRAM 000058
___ftadd@exp2                                 cstackCOMRAM 000057
___ftadd@f1                                   cstackCOMRAM 00004D
___ftadd@f2                                   cstackCOMRAM 000050
___ftadd@sign                                 cstackCOMRAM 000056
___ftdiv                                      text68       0034AC
___ftdiv@cntr                                 cstackCOMRAM 000037
___ftdiv@exp                                  cstackCOMRAM 00003B
___ftdiv@f1                                   cstackCOMRAM 00002E
___ftdiv@f2                                   cstackCOMRAM 000031
___ftdiv@f3                                   cstackCOMRAM 000038
___ftdiv@sign                                 cstackCOMRAM 00003C
___ftge                                       text92       003EF0
___ftge@ff1                                   cstackCOMRAM 000011
___ftge@ff2                                   cstackCOMRAM 000014
___ftmul                                      text79       002F16
___ftmul@cntr                                 cstackCOMRAM 00002C
___ftmul@exp                                  cstackCOMRAM 000028
___ftmul@f1                                   cstackCOMRAM 00001F
___ftmul@f2                                   cstackCOMRAM 000022
___ftmul@f3_as_product                        cstackCOMRAM 000029
___ftmul@sign                                 cstackCOMRAM 00002D
___ftneg                                      text91       004DFC
___ftneg@f1                                   cstackCOMRAM 000011
___ftpack                                     text90       003824
___ftpack@arg                                 cstackCOMRAM 000011
___ftpack@exp                                 cstackCOMRAM 000014
___ftpack@sign                                cstackCOMRAM 000015
___ftsub                                      text88       004A4E
___ftsub@f1                                   cstackCOMRAM 000059
___ftsub@f2                                   cstackCOMRAM 00005C
___fttol                                      text87       0033C6
___fttol@exp1                                 cstackCOMRAM 00003C
___fttol@f1                                   cstackCOMRAM 00002E
___fttol@lval                                 cstackCOMRAM 000038
___fttol@sign1                                cstackCOMRAM 000037
___inthi_sp                                   stack        000000
___intlo_sp                                   stack        000000
___lbtoft                                     text67       004DD6
___lbtoft@c                                   cstackCOMRAM 00001C
___lldiv                                      text86       00413E
___lldiv@counter                              cstackCOMRAM 00001D
___lldiv@dividend                             cstackCOMRAM 000011
___lldiv@divisor                              cstackCOMRAM 000015
___lldiv@quotient                             cstackCOMRAM 000019
___llmod                                      text85       004448
___llmod@counter                              cstackCOMRAM 000026
___llmod@dividend                             cstackCOMRAM 00001E
___llmod@divisor                              cstackCOMRAM 000022
___lltoft                                     text84       004652
[...]
		Unchanged: 
 Data sizes:     COMRAM   BANK0   BANK1   BANK2   BANK3   BANK4   BANK5   BANK6   BANK7   BANK8   BANK9  BANK10  BANK11  BANK12  BANK13  BANK14  BANK15
      Params:         0       0       0       0       0       0       0       0       0       0       0       0       0       0       0       0       0
      Locals:         0       0       0       0       0       0       0       0       0       0       0       0       0       0       0       0       0
      Temps:          0       0       0       0       0       0       0       0       0       0       0       0       0       0       0       0       0
      Totals:         0       0       0       0       0       0       0       0       0       0       0       0       0       0       0       0       0
Total ram usage:        0 bytes
 Hardware stack levels used:    1
 Hardware stack levels required when called:    3
 This function calls:
		Nothing
 This function is called by:
		_I2C_Init
		_I2C_Read
		_I2C_Write
		_i2cNack
		_i2cAck
		_I2C_Start
		_I2C_ReStart
		_I2C_Stop
 This function uses a non-reentrant model


 *************** function _chkisr *****************
 Defined at:
		line 37 in file "Interrupt.c"
 Parameters:    Size  Location     Type
		None
 Auto vars:     Size  Location     Type
		None
 Return value:  Size  Location     Type
		None               void
 Registers used:
		wreg, status,2, status,0, cstack
 Tracked objects:
		On entry : 
		On exit  : 
		Unchanged: 
 Data sizes:     COMRAM   BANK0   BANK1   BANK2   BANK3   BANK4   BANK5   BANK6   BANK7   BANK8   BANK9  BANK10  BANK11  BANK12  BANK13  BANK14  BANK15
      Params:         0       0       0       0       0       0       0       0       0       0       0       0       0       0       0       0       0
      Locals:         0       0       0       0       0       0       0       0       0       0       0       0       0       0       0       0       0
      Temps:         14       0       0       0       0       0       0       0       0       0       0       0       0       0       0       0       0
      Totals:        14       0       0       0       0       0       0       0       0       0       0       0       0       0       0       0       0
Total ram usage:       14 bytes
 Hardware stack levels used:    1
 Hardware stack levels required when called:    2
 This function calls:
		_INT0_isr
		_INT1_isr
		_INT2_isr
		_TIMER1_isr
 This function is called by:
		Interrupt level 2
 This function uses a non-reentrant model


 *************** function _TIMER1_isr *****************
 Defined at:
		line 45 in file "Interrupt.c"
 Parameters:    Size  Location     Type
		None
 Auto vars:     Size  Location     Type
		None
 Return value:  Size  Location     Type
		None               void
 Registers used:
		wreg, status,2
 Tracked objects:
		On entry : 
		On exit  : 
		Unchanged: 
 Data sizes:     COMRAM   BANK0   BANK1   BANK2   BANK3   BANK4   BANK5   BANK6   BANK7   BANK8   BANK9  BANK10  BANK11  BANK12  BANK13  BANK14  BANK15
      Params:         0       0       0       0       0       0       0       0       0       0       0       0       0       0       0       0       0
      Locals:         0       0       0       0       0       0       0       0       0       0       0       0       0       0       0       0       0
      Temps:          0       0       0       0       0       0       0       0       0       0       0       0       0       0       0       0       0
      Totals:         0       0       0       0       0       0       0       0       0       0       0       0       0       0       0       0       0
Total ram usage:        0 bytes
 Hardware stack levels used:    1
 This function calls:
		Nothing
 This function is called by:
		_chkisr
 This function uses a non-reentrant model


 *************** function _INT2_isr *****************
 Defined at:
		line 142 in file "Interrupt.c"
 Parameters:    Size  Location     Type
		None
 Auto vars:     Size  Location     Type
		None
 Return value:  Size  Location     Type
		None               void
 Registers used:
		wreg, status,2
 Tracked objects:
		On entry : 
		On exit  : 
		Unchanged: 
 Data sizes:     COMRAM   BANK0   BANK1   BANK2   BANK3   BANK4   BANK5   BANK6   BANK7   BANK8   BANK9  BANK10  BANK11  BANK12  BANK13  BANK14  BANK15
      Params:         0       0       0       0       0       0       0       0       0       0       0       0       0       0       0       0       0
      Locals:         0       0       0       0       0       0       0       0       0       0       0       0       0       0       0       0       0
      Temps:          0       0       0       0       0       0       0       0       0       0       0       0       0       0       0       0       0
      Totals:         0       0       0       0       0       0       0       0       0       0       0       0       0       0       0       0       0
Total ram usage:        0 bytes
 Hardware stack levels used:    1
 This function calls:
		Nothing
 This function is called by:
		_chkisr
 This function uses a non-reentrant model


 *************** function _INT1_isr *****************
 Defined at:
		line 136 in file "Interrupt.c"
 Parameters:    Size  Location     Type
		None
 Auto vars:     Size  Location     Type
		None
 Return value:  Size  Location     Type
		None               void
 Registers used:
		wreg, status,2
 Tracked objects:
		On entry : 
		On exit  : 
		Unchanged: 
 Data sizes:     COMRAM   BANK0   BANK1   BANK2   BANK3   BANK4   BANK5   BANK6   BANK7   BANK8   BANK9  BANK10  BANK11  BANK12  BANK13  BANK14  BANK15
      Params:         0       0       0       0       0       0       0       0       0       0       0       0       0       0       0       0       0
      Locals:         0       0       0       0       0       0       0       0       0       0       0       0       0       0       0       0       0
      Temps:          0       0       0       0       0       0       0       0       0       0       0       0       0       0       0       0       0
      Totals:         0       0       0       0       0       0       0       0       0       0       0       0       0       0       0       0       0
Total ram usage:        0 bytes
 Hardware stack levels used:    1
 This function calls:
		Nothing
 This function is called by:
		_chkisr
 This function uses a non-reentrant model


 *************** function _INT0_isr *****************
 Defined at:
		line 59 in file "Interrupt.c"
 Parameters:    Size  Location     Type
		None
 Auto vars:     Size  Location     Type
		None
 Return value:  Size  Location     Type
		None               void
 Registers used:
		wreg, status,2, status,0, cstack
 Tracked objects:
		On entry : 
		On exit  : 
		Unchanged: 
 Data sizes:     COMRAM   BANK0   BANK1   BANK2   BANK3   BANK4   BANK5   BANK6   BANK7   BANK8   BANK9  BANK10  BANK11  BANK12  BANK13  BANK14  BANK15
      Params:         0       0       0       0       0       0       0       0       0       0       0       0       0       0       0       0       0
      Locals:         0       0       0       0       0       0       0       0       0       0       0       0       0       0       0       0       0
      Temps:          2       0       0       0       0       0       0       0       0       0       0       0       0       0       0       0       0
      Totals:         2       0       0       0       0       0       0       0       0       0       0       0       0       0       0       0       0
Total ram usage:        2 bytes
 Hardware stack levels used:    1
 Hardware stack levels required when called:    1
 This function calls:
		_force_nec_state0
 This function is called by:
		_chkisr
 This function uses a non-reentrant model


 *************** function _force_nec_state0 *****************
 Defined at:
		line 53 in file "Interrupt.c"
 Parameters:    Size  Location     Type
		None
 Auto vars:     Size  Location     Type
		None
 Return value:  Size  Location     Type
		None               void
 Registers used:
		wreg, status,2
 Tracked objects:
		On entry : 
		On exit  : 
		Unchanged: 
 Data sizes:     COMRAM   BANK0   BANK1   BANK2   BANK3   BANK4   BANK5   BANK6   BANK7   BANK8   BANK9  BANK10  BANK11  BANK12  BANK13  BANK14  BANK15
      Params:         0       0       0       0       0       0       0       0       0       0       0       0       0       0       0       0       0
      Locals:         0       0       0       0       0       0       0       0       0       0       0       0       0       0       0       0       0
      Temps:          0       0       0       0       0       0       0       0       0       0       0       0       0       0       0       0       0
      Totals:         0       0       0       0       0       0       0       0       0       0       0       0       0       0       0       0       0
Total ram usage:        0 bytes
 Hardware stack levels used:    1
 This function calls:
		Nothing
 This function is called by:
		_INT0_isr
 This function uses a non-reentrant model



MODULE INFORMATION

Module		Function		Class		Link	Load	Size
I2C_Soft.c
		_I2C_Write_Addr		CODE           	4C70	0000	51
		_i2cLowSda     		CODE           	51E0	0000	11
		_i2cLowScl     		CODE           	5210	0000	9
		_I2C_Write_Cmd_		CODE           	4FD4	0000	27
		_I2C_Write     		CODE           	4B4C	0000	63
		_I2C_Write_Cmd_		CODE           	4F2A	0000	33
		_I2C_Stop      		CODE           	5104	0000	19
		_I2C_Read      		CODE           	4A06	0000	73
		_i2cNack       		CODE           	51D6	0000	11
		_I2C_Init      		CODE           	51CC	0000	11
		_i2cHighSda    		CODE           	5218	0000	9
		_i2cHighScl    		CODE           	51C0	0000	13
		_I2C_Start     		CODE           	5116	0000	19
		_i2cAck        		CODE           	5128	0000	19
		_I2C_Write_Addr		CODE           	4E8A	0000	33
		_I2C_ReStart   		CODE           	501C	0000	23

I2C_Soft.c estimated size: 424

C:\Program Files (x86)\Microchip\xc8\v1.34\sources\common\ftge.c
		___ftge        		CODE           	3EF0	0000	151

C:\Program Files (x86)\Microchip\xc8\v1.34\sources\common\ftge.c estimated size: 151

C:\Program Files (x86)\Microchip\xc8\v1.34\sources\common\ftdivl.c
		__tdiv_to_l_   		CODE           	2AE0	0000	273

C:\Program Files (x86)\Microchip\xc8\v1.34\sources\common\ftdivl.c estimated size: 273

C:\Program Files (x86)\Microchip\xc8\v1.34\sources\common\ftneg.c
		___ftneg       		CODE           	4DFC	0000	37

C:\Program Files (x86)\Microchip\xc8\v1.34\sources\common\ftneg.c estimated size: 37

C:\Program Files (x86)\Microchip\xc8\v1.34\sources\common\fldivl.c
		__div_to_l_    		CODE           	2E0C	0000	267

C:\Program Files (x86)\Microchip\xc8\v1.34\sources\common\fldivl.c estimated size: 267

Setup_Heater_Temp.c
		_Do_Save_New_He		CODE           	5046	0000	21
		_Exit_Setup_Hea		CODE           	514A	0000	17
		_Initialize_Set		CODE           	3100	0000	241
		_Decrease_Heate		CODE           	4FBA	0000	27
		_Update_Setup_H		CODE           	3DC4	0000	151
		_Increase_Heate		CODE           	4FA0	0000	27
		_Do_Setup_Heate		CODE           	3F86	0000	149

Setup_Heater_Temp.c estimated size: 633

C:\Program Files (x86)\Microchip\xc8\v1.34\sources\common\ftsub.c
		___ftsub       		CODE           	4A4E	0000	69

C:\Program Files (x86)\Microchip\xc8\v1.34\sources\common\ftsub.c estimated size: 69

C:\Program Files (x86)\Microchip\xc8\v1.34\sources\common\float.c
		___ftpack      		CODE           	3824	0000	199

C:\Program Files (x86)\Microchip\xc8\v1.34\sources\common\float.c estimated size: 199

C:\Program Files (x86)\Microchip\xc8\v1.34\sources\pic18\plib\USART\uopen.c
		_OpenUSART     		CODE           	44B8	0000	113

C:\Program Files (x86)\Microchip\xc8\v1.34\sources\pic18\plib\USART\uopen.c estimated size: 113

C:\Program Files (x86)\Microchip\xc8\v1.34\sources\common\awmod.c
		___awmod       		CODE           	4252	0000	131

C:\Program Files (x86)\Microchip\xc8\v1.34\sources\common\awmod.c estimated size: 131

Fan_Support.c
		_get_duty_cycle		CODE           	3C8C	0000	159
		_Turn_On_Fan   		CODE           	50AA	0000	19
		_get_RPM       		CODE           	4A92	0000	63
		_Toggle_Heater 		CODE           	5006	0000	23
		_Turn_Off_Fan  		CODE           	51B4	0000	13
		_Monitor_Heater		CODE           	4D04	0000	47

Fan_Support.c estimated size: 324

I2C_Support.c
		_DS3231_Write_A		CODE           	42D4	0000	129
		_DS3231_Init   		CODE           	38EA	0000	193
		_DS3231_Read_Ti		CODE           	4528	0000	103
		_DS1621_Init   		CODE           	4F4A	0000	31
		_DS3231_Write_T		CODE           	3D2A	0000	155
		_DS1621_Read_Te		CODE           	4BC6	0000	61
		_DS3231_Turn_On		CODE           	4878	0000	83
		_DS3231_Read_Al		CODE           	496E	0000	79
		_DS3231_Turn_Of		CODE           	48CA	0000	83

I2C_Support.c estimated size: 917

ST7735_TFT.c
		_drawChar      		CODE           	287A	0000	343
		_drawCircle    		CODE           	23C6	0000	431
		_fillScreen    		CODE           	4F68	0000	29
		_Rcmd3         		CODE           	300E	0000	243
		_write_data    		CODE           	516A	0000	17
		_setAddrWindow 		CODE           	4822	0000	87
		_drawtext      		CODE           	358E	0000	227
		_fillRect      		CODE           	49BC	0000	75
		_LCD_Reset     		CODE           	50CE	0000	19
		_drawPixel     		CODE           	4CD4	0000	49
		_fillRectangle 		CODE           	3670	0000	221
		_write_command 		CODE           	517A	0000	17
		_drawFastVLine 		CODE           	41CA	0000	137
		_Rcmd2red      		CODE           	4AD0	0000	63
		_TFT_GreenTab_I		CODE           	4D32	0000	45
		_delay_ms      		CODE           	491C	0000	83
		_Rcmd1         		CODE           	29D0	0000	273
		_spiwrite      		CODE           	5082	0000	21

ST7735_TFT.c estimated size: 2380

C:\Program Files (x86)\Microchip\xc8\v1.34\sources\common\llmod.c
		___llmod       		CODE           	4448	0000	113

C:\Program Files (x86)\Microchip\xc8\v1.34\sources\common\llmod.c estimated size: 113

C:\Program Files (x86)\Microchip\xc8\v1.34\sources\common\awtoft.c
		___awtoft      		CODE           	4B8A	0000	61

C:\Program Files (x86)\Microchip\xc8\v1.34\sources\common\awtoft.c estimated size: 61

C:\Program Files (x86)\Microchip\xc8\v1.34\sources\common\lbtoft.c
		___lbtoft      		CODE           	4DD6	0000	39

C:\Program Files (x86)\Microchip\xc8\v1.34\sources\common\lbtoft.c estimated size: 39

Main_Screen.c
		_Update_Screen 		CODE           	0C60	0000	1571
		_Initialize_Scr		CODE           	1662	0000	885

Main_Screen.c estimated size: 2456

C:\Program Files (x86)\Microchip\xc8\v1.34\sources\common\ftmul.c
		___ftmul       		CODE           	2F16	0000	249

C:\Program Files (x86)\Microchip\xc8\v1.34\sources\common\ftmul.c estimated size: 249

C:\Program Files (x86)\Microchip\xc8\v1.34\sources\common\isdigit.c
		_isdigit       		CODE           	4E68	0000	35

C:\Program Files (x86)\Microchip\xc8\v1.34\sources\common\isdigit.c estimated size: 35

Main.c
		_Test_Alarm    		CODE           	32DC	0000	235
		_putch         		CODE           	518A	0000	15
		_main          		CODE           	19D6	0000	611
		_init_UART     		CODE           	5096	0000	21
		_Do_Init       		CODE           	46B2	0000	97

Main.c estimated size: 979

C:\Program Files (x86)\Microchip\xc8\v1.34\sources\common\strlen.c
		_strlen        		CODE           	4B0E	0000	63

C:\Program Files (x86)\Microchip\xc8\v1.34\sources\common\strlen.c estimated size: 63

C:\Program Files (x86)\Microchip\xc8\v1.34\sources\common\ftdiv.c
		___ftdiv       		CODE           	34AC	0000	227

C:\Program Files (x86)\Microchip\xc8\v1.34\sources\common\ftdiv.c estimated size: 227

C:\Program Files (x86)\Microchip\xc8\v1.34\sources\common\lltoft.c
		___lltoft      		CODE           	4652	0000	97

C:\Program Files (x86)\Microchip\xc8\v1.34\sources\common\lltoft.c estimated size: 97

shared
		__powers_      		MEDIUMCONST    	FE61	0000	40
		_font          		MEDIUMCONST    	FC37	0000	256
		_dpowers       		MEDIUMCONST    	FE12	0000	41
		__npowers_     		MEDIUMCONST    	FE3A	0000	40
		__initializatio		CODE           	458E	0000	89
		_hexpowers     		MEDIUMCONST    	FE88	0000	33
		_font2         		MEDIUMCONST    	FD36	0000	221

shared estimated size: 720

Interrupt.c
		_INT2_isr      		CODE           	51EA	0000	11
		_TIMER1_isr    		CODE           	51A6	0000	15
		_Init_Interrupt		CODE           	4E20	0000	37
		_force_nec_stat		CODE           	51FE	0000	11
		_INT0_isr      		CODE           	26FA	0000	385
		_INT1_isr      		CODE           	51F4	0000	11
		_chkisr        		CODE           	0008	0000	161

Interrupt.c estimated size: 631

Setup_Alarm_Time.c
		_Initialize_Set		CODE           	2CFE	0000	271
		_Go_Next_Alarm_		CODE           	4F0A	0000	33
		_Update_Setup_A		CODE           	31F0	0000	237
		_Go_Prev_Alarm_		CODE           	4EEA	0000	33
		_Exit_Setup_Ala		CODE           	515A	0000	17
		_Do_Save_New_Al		CODE           	4FEE	0000	25
		_Decrease_Alarm		CODE           	476E	0000	93
		_Increase_Alarm		CODE           	4712	0000	93
		_Do_Setup_Alarm		CODE           	39AA	0000	193

Setup_Alarm_Time.c estimated size: 995

C:\Program Files (x86)\Microchip\xc8\v1.34\sources\common\strcpy.c
		_strcpy        		CODE           	4CA2	0000	51

C:\Program Files (x86)\Microchip\xc8\v1.34\sources\common\strcpy.c estimated size: 51

C:\Program Files (x86)\Microchip\xc8\v1.34\sources\common\awdiv.c
		___awdiv       		CODE           	3E5A	0000	151

C:\Program Files (x86)\Microchip\xc8\v1.34\sources\common\awdiv.c estimated size: 151

utils.c
		_Do_Beep_Bad   		CODE           	506E	0000	21
		_Do_Beep_Good  		CODE           	505A	0000	21
		_Init_ADC      		CODE           	5198	0000	15
		_do_update_pwm 		CODE           	3BD6	0000	183
		_Activate_Buzze		CODE           	50E0	0000	19
		_Activate_Buzze		CODE           	50BC	0000	19
		_Deactivate_Buz		CODE           	5208	0000	9
		_Activate_Buzze		CODE           	50F2	0000	19
		_check_for_butt		CODE           	401A	0000	149
		_Set_DC_RGB    		CODE           	4C02	0000	59
		_dec_2_bcd     		CODE           	47CA	0000	89
		_Set_Alarm_RGB 		CODE           	4C3C	0000	53
		_read_volt     		CODE           	43D0	0000	121
		_get_full_ADC  		CODE           	4DB0	0000	39
		_bcd_2_dec     		CODE           	4D5E	0000	43
		_Wait_One_Sec  		CODE           	4F84	0000	29
		_Set_RPM_RGB   		CODE           	45F0	0000	99

utils.c estimated size: 987

C:\Program Files (x86)\Microchip\xc8\v1.34\sources\common\lldiv.c
		___lldiv       		CODE           	413E	0000	141

C:\Program Files (x86)\Microchip\xc8\v1.34\sources\common\lldiv.c estimated size: 141

C:\Program Files (x86)\Microchip\xc8\v1.34\sources\common\doprnt.c
		_scale         		CODE           	1282	0000	993
		_printf        		CODE           	001C	0000	3141
		_fround        		CODE           	1C38	0000	581

C:\Program Files (x86)\Microchip\xc8\v1.34\sources\common\doprnt.c estimated size: 4715

C:\Program Files (x86)\Microchip\xc8\v1.34\sources\common\fttol.c
		___fttol       		CODE           	33C6	0000	231

C:\Program Files (x86)\Microchip\xc8\v1.34\sources\common\fttol.c estimated size: 231

C:\Program Files (x86)\Microchip\xc8\v1.34\sources\common\Umul16.c
		___wmul        		CODE           	4D88	0000	41

C:\Program Files (x86)\Microchip\xc8\v1.34\sources\common\Umul16.c estimated size: 41

Setup_Time.c
		_Decrease_Time 		CODE           	3B20	0000	183
		_Update_Setup_S		CODE           	1E7C	0000	455
		_Update_Setup_T		CODE           	2574	0000	391
		_Do_Save_New_Ti		CODE           	5032	0000	21
		_Increase_Time 		CODE           	3A6A	0000	183
		_Do_Setup_Time 		CODE           	374C	0000	217
		_Update_Setup_S		CODE           	2206	0000	449
		_Initialize_Set		CODE           	2BF0	0000	271
		_Go_Next_Field 		CODE           	4ECA	0000	33
		_Go_Prev_Field 		CODE           	4EAA	0000	33
		_Exit_Time_Setu		CODE           	513A	0000	17

Setup_Time.c estimated size: 2253

C:\Program Files (x86)\Microchip\xc8\v1.34\sources\common\ftadd.c
		___ftadd       		CODE           	2042	0000	453

C:\Program Files (x86)\Microchip\xc8\v1.34\sources\common\ftadd.c estimated size: 453

